some log
add one
add three
